--------------------------------------------------------------------------------------
Timing Analyzer Summary
--------------------------------------------------------------------------------------

Type           : Worst-case tco
Slack          : N/A
Required Time  : None
Actual Time    : 7.137 ns
From           : stepper_ctrl:inst|motor2[0]
To             : pin_name2
From Clock     : pin_name
To Clock       : --
Failed Paths   : 0

Type           : Clock Setup: 'p11:inst1|altpll:altpll_component|_clk0'
Slack          : 11.034 ns
Required Time  : 50.00 MHz ( period = 20.000 ns )
Actual Time    : 111.53 MHz ( period = 8.966 ns )
From           : stepper_ctrl:inst|count[10]
To             : stepper_ctrl:inst|count[8]
From Clock     : p11:inst1|altpll:altpll_component|_clk0
To Clock       : p11:inst1|altpll:altpll_component|_clk0
Failed Paths   : 0

Type           : Clock Hold: 'p11:inst1|altpll:altpll_component|_clk0'
Slack          : 0.499 ns
Required Time  : 50.00 MHz ( period = 20.000 ns )
Actual Time    : N/A
From           : stepper_ctrl:inst|motor2[1]
To             : stepper_ctrl:inst|motor2[1]
From Clock     : p11:inst1|altpll:altpll_component|_clk0
To Clock       : p11:inst1|altpll:altpll_component|_clk0
Failed Paths   : 0

Type           : Total number of failed paths
Slack          : 
Required Time  : 
Actual Time    : 
From           : 
To             : 
From Clock     : 
To Clock       : 
Failed Paths   : 0

--------------------------------------------------------------------------------------

